// Jest Snapshot v1, https://goo.gl/fbAQLP

exports[`execute with vault address should return success 1`] = `
Object {
  "data": Object {
    "fee": "0.02",
    "price": "66.592359631913713045",
    "priceWithFee": "67.924206824551987306",
  },
  "jobRunID": "1",
  "statusCode": 200,
}
`;
