// Jest Snapshot v1, https://goo.gl/fbAQLP

exports[`execute punk valuation api should return success 1`] = `
Object {
  "data": Object {
    "result": 71.71525868055556,
  },
  "jobRunID": "1",
  "providerStatusCode": 200,
  "result": 71.71525868055556,
  "statusCode": 200,
}
`;
